// Vitest Snapshot v1, https://vitest.dev/guide/snapshot.html

exports[`SimulationService > matches the recorded metrics for a fixed graph after 10 ticks 1`] = `
{
  "nodes": [
    {
      "avgLatency": 46,
      "cpuPressure": 55.75,
      "errorRate": 0,
      "queueSize": 0,
      "status": "normal",
      "throughput": 50,
      "type": "client",
    },
    {
      "avgLatency": 30.01,
      "cpuPressure": 6.68,
      "errorRate": 0,
      "queueSize": 0,
      "status": "normal",
      "throughput": 50,
      "type": "ec2",
    },
    {
      "avgLatency": 10,
      "cpuPressure": 16.2,
      "errorRate": 0,
      "queueSize": 0,
      "status": "normal",
      "throughput": 50,
      "type": "rds",
    },
  ],
  "tick": 10,
}
`;
